Title:     Ceremonies For Christmas
Creators:  Robert Herrick (Author), LibriVox Volunteers (Narrator)
Publisher: Librivox
Subjects:  Fiction
Languages: English
Description:
Robert Herrick was a 17th-century English lyric poet and cleric. He is best known for Hesperides, a book of poems. This includes the carpe diem poem "To the Virgins, to Make Much of Time", with the first line "Gather ye rosebuds while ye may"

Format:    Medium Quality
* Part 1 - 01:01 (483kB)
