Title:     Ceremonies For Christmas
Creators:  Robert Herrick (Author), LibriVox Volunteers (Narrator)
Publisher: Librivox
Subjects:  Fiction
Languages: English
Description:
Robert Herrick was a 17th-century English lyric poet and cleric. He is best known for Hesperides, a book of poems. This includes the carpe diem poem "To the Virgins, to Make Much of Time", with the first line "Gather ye rosebuds while ye may"

Format:    Medium Quality
* Part 1 - 01:07 (523kB)
* Part 2 - 01:01 (483kB)
* Part 3 - 01:06 (521kB)
* Part 4 - 01:04 (501kB)
* Part 5 - 01:06 (521kB)
* Part 6 - 00:46 (361kB)
* Part 7 - 00:56 (440kB)
* Part 8 - 00:56 (442kB)
* Part 9 - 01:00 (470kB)
* Part 10 - 00:52 (411kB)
* Part 11 - 00:47 (370kB)
