Title:     크리스마스를 위한 의식
Creators:  로버트 Herrick (Author), LibriVox Volunteers (Narrator)
Publisher: Librivox
Subjects:  Fiction
Languages: English
Description:
로버트 허릭 was a 17th-century English lyric poet and cleric. He is best known for Hesperides, a book of poems. This includes the carpe diem poem "To the Virgins, to Make Much of Time", with the first line "Gather ye rosebuds while ye may"

Format:    Medium Quality
* Part 1 - 01:07 (523kB)
* Part 2 - 01:01 (483kB)
* Part 3 - 01:06 (521kB)
