Title:     Ceremonies For Christmas
Creators:  Robert Herrick (Author), LibriVox Volunteers (Narrator)
Publisher: Librivox
Subjects:  Fiction
Languages: English
Description:
À,Á,Â,Ã,Ä,Å,Æ,Ç,È,É,Ê,Ë,Ì,Í,Î,Ï,Ð,Ñ,Ò,Ó,Ô,Õ,Ö,Ø,Ù,Ú,Û,Ü,Ý,Þ,ß,à,á,â,ã,ä,å,æ,ç,è,é,ê,ë,ì,í,î,ï,ð,ñ,ò,ó,ô,õ,ö,ø,ù,ú,û,ü,ý,þ,ÿ ¡,¢,£,¤,¥,¦,§,¨,©,ª,«,¬,­,®,¯,°,±,²,³,´,µ,¶,¸,¹,º,»,¼,½,¾,¿,×,÷ fiancée & friends “ ” ’ [ ]

Format:    Medium Quality
* Part 1 - 01:01 (483kB)
